args: Namespace(D_lr=5e-07, G_lr=1e-08, alpha_e=0, alpha_v=0, bs=32, clip=0.01, dataset_name='hypergraph_pretrain_noDD', dim_edge=400, dim_hidden=400, dim_vertex=400, epochs=50, exp_num=1, fix_seed=True, folder_name='final_model', gen='MLP', gpu=3, memory_size=128, memory_type='sample', model='hnhn', n_layers=1, testns='SMCA', train_DG='epoch1:1', training='wgan')
0 epoch: Training d_loss : -0.0003732167210993807 / Training g_loss : -0.43056459804825903 /Training roc : 0.9245218472835997 / Training ap : 0.9039792418479919 
0 epoch, SNS : Val AP : 0.9734794497489929 / AUROC : 0.9720864806358005 
0 epoch, MNS : Val AP : 0.7953255772590637 / AUROC : 0.8009869222270937 
0 epoch, CNS : Val AP : 0.5657567977905273 / AUROC : 0.5657217736616164 
0 epoch, ALL : Val AP : 0.7357308864593506 / AUROC : 0.7786683208116831 
1 epoch: Training d_loss : -0.0004626345044807825 / Training g_loss : -0.42965085799134245 /Training roc : 0.9693016858592353 / Training ap : 0.9718524217605591 
1 epoch, SNS : Val AP : 0.9734794497489929 / AUROC : 0.9720864806358005 
1 epoch, MNS : Val AP : 0.7953255772590637 / AUROC : 0.8009869222270937 
1 epoch, CNS : Val AP : 0.5657567977905273 / AUROC : 0.5657217736616164 
1 epoch, ALL : Val AP : 0.7357308864593506 / AUROC : 0.7786683208116831 
2 epoch: Training d_loss : -0.0006317544963845763 / Training g_loss : -0.4284350842201951 /Training roc : 0.9672116797097526 / Training ap : 0.9701820611953735 
2 epoch, SNS : Val AP : 0.9809430241584778 / AUROC : 0.9794385720874051 
2 epoch, MNS : Val AP : 0.8270926475524902 / AUROC : 0.8203206310499234 
2 epoch, CNS : Val AP : 0.5941684246063232 / AUROC : 0.579736447976037 
2 epoch, ALL : Val AP : 0.7615286111831665 / AUROC : 0.7932463627121863 
3 epoch: Training d_loss : -0.000784009926216699 / Training g_loss : -0.4273130180300847 /Training roc : 0.9771600480199456 / Training ap : 0.9799071550369263 
3 epoch, SNS : Val AP : 0.9809430241584778 / AUROC : 0.9794385720874051 
3 epoch, MNS : Val AP : 0.8270926475524902 / AUROC : 0.8203206310499234 
3 epoch, CNS : Val AP : 0.5941684246063232 / AUROC : 0.579736447976037 
3 epoch, ALL : Val AP : 0.7615286111831665 / AUROC : 0.7932463627121863 
4 epoch: Training d_loss : -0.0009399849979186939 / Training g_loss : -0.426309209863108 /Training roc : 0.976498984405299 / Training ap : 0.9792054295539856 
4 epoch, SNS : Val AP : 0.9840267896652222 / AUROC : 0.9829365625430027 
4 epoch, MNS : Val AP : 0.8357048630714417 / AUROC : 0.827622808355637 
4 epoch, CNS : Val AP : 0.604174017906189 / AUROC : 0.5871422760281603 
4 epoch, ALL : Val AP : 0.770163357257843 / AUROC : 0.798950220617858 
5 epoch: Training d_loss : -0.0010665640394792795 / Training g_loss : -0.4253858652529756 /Training roc : 0.9803051671347887 / Training ap : 0.9826133251190186 
5 epoch, SNS : Val AP : 0.9840267896652222 / AUROC : 0.9829365625430027 
5 epoch, MNS : Val AP : 0.8357048630714417 / AUROC : 0.827622808355637 
5 epoch, CNS : Val AP : 0.604174017906189 / AUROC : 0.5871422760281603 
5 epoch, ALL : Val AP : 0.770163357257843 / AUROC : 0.798950220617858 
6 epoch: Training d_loss : -0.001224175131121797 / Training g_loss : -0.4243856803614086 /Training roc : 0.979781998543464 / Training ap : 0.982202410697937 
6 epoch, SNS : Val AP : 0.9854916930198669 / AUROC : 0.9846291543414727 
6 epoch, MNS : Val AP : 0.83997642993927 / AUROC : 0.8311740909402847 
6 epoch, CNS : Val AP : 0.6057534217834473 / AUROC : 0.5864541453009231 
6 epoch, ALL : Val AP : 0.7732312679290771 / AUROC : 0.8004720464782037 
7 epoch: Training d_loss : -0.0013937717647745725 / Training g_loss : -0.4233691719348439 /Training roc : 0.9817777417161335 / Training ap : 0.9838634729385376 
7 epoch, SNS : Val AP : 0.9854916930198669 / AUROC : 0.9846291543414727 
7 epoch, MNS : Val AP : 0.83997642993927 / AUROC : 0.8311740909402847 
7 epoch, CNS : Val AP : 0.6057534217834473 / AUROC : 0.5864541453009231 
7 epoch, ALL : Val AP : 0.7732312679290771 / AUROC : 0.8004720464782037 
8 epoch: Training d_loss : -0.00159604893608798 / Training g_loss : -0.4221929343366225 /Training roc : 0.980933662566538 / Training ap : 0.9833475947380066 
8 epoch, SNS : Val AP : 0.9858626127243042 / AUROC : 0.9850277563542531 
8 epoch, MNS : Val AP : 0.8420050144195557 / AUROC : 0.8329309977602193 
8 epoch, CNS : Val AP : 0.6024497151374817 / AUROC : 0.5832982200873369 
8 epoch, ALL : Val AP : 0.7708109617233276 / AUROC : 0.7997554695769947 
9 epoch: Training d_loss : -0.0017958397227995151 / Training g_loss : -0.42104757948820803 /Training roc : 0.9824859441661303 / Training ap : 0.9844897985458374 
9 epoch, SNS : Val AP : 0.9858626127243042 / AUROC : 0.9850277563542531 
9 epoch, MNS : Val AP : 0.8420050144195557 / AUROC : 0.8329309977602193 
9 epoch, CNS : Val AP : 0.6024497151374817 / AUROC : 0.5832982200873369 
9 epoch, ALL : Val AP : 0.7708109617233276 / AUROC : 0.7997554695769947 
10 epoch: Training d_loss : -0.0019648001752394176 / Training g_loss : -0.41983511869898854 /Training roc : 0.9820165068294684 / Training ap : 0.9841465353965759 
10 epoch, SNS : Val AP : 0.9862360954284668 / AUROC : 0.9854078683539514 
10 epoch, MNS : Val AP : 0.8435360789299011 / AUROC : 0.8338328748165666 
10 epoch, CNS : Val AP : 0.603628396987915 / AUROC : 0.5832539062819464 
10 epoch, ALL : Val AP : 0.7729668617248535 / AUROC : 0.8003534170433118 
11 epoch: Training d_loss : -0.002139839533543274 / Training g_loss : -0.4185673583107995 /Training roc : 0.9829603508141805 / Training ap : 0.9849184155464172 
11 epoch, SNS : Val AP : 0.9862360954284668 / AUROC : 0.9854078683539514 
11 epoch, MNS : Val AP : 0.8435360789299011 / AUROC : 0.8338328748165666 
11 epoch, CNS : Val AP : 0.603628396987915 / AUROC : 0.5832539062819464 
11 epoch, ALL : Val AP : 0.7729668617248535 / AUROC : 0.8003534170433118 
12 epoch: Training d_loss : -0.0023023254440337204 / Training g_loss : -0.4171583066763343 /Training roc : 0.9822589736660263 / Training ap : 0.9843078851699829 
12 epoch, SNS : Val AP : 0.9865767359733582 / AUROC : 0.9856959303125631 
12 epoch, MNS : Val AP : 0.8452813625335693 / AUROC : 0.8347105281778909 
12 epoch, CNS : Val AP : 0.6074488162994385 / AUROC : 0.5857857935540258 
12 epoch, ALL : Val AP : 0.7756574153900146 / AUROC : 0.8016002484062142 
13 epoch: Training d_loss : -0.0025088545356802775 / Training g_loss : -0.4157853675329074 /Training roc : 0.983277504268279 / Training ap : 0.9852887988090515 
13 epoch, SNS : Val AP : 0.9865767359733582 / AUROC : 0.9856959303125631 
13 epoch, MNS : Val AP : 0.8452813625335693 / AUROC : 0.8347105281778909 
13 epoch, CNS : Val AP : 0.6074488162994385 / AUROC : 0.5857857935540258 
13 epoch, ALL : Val AP : 0.7756574153900146 / AUROC : 0.8016002484062142 
14 epoch: Training d_loss : -0.0027114612197989643 / Training g_loss : -0.41446153327591795 /Training roc : 0.9833155771386278 / Training ap : 0.9853339195251465 
14 epoch, SNS : Val AP : 0.987119197845459 / AUROC : 0.9862648537919994 
14 epoch, MNS : Val AP : 0.8451523184776306 / AUROC : 0.8348562703723497 
14 epoch, CNS : Val AP : 0.6065921187400818 / AUROC : 0.5849479648362621 
14 epoch, ALL : Val AP : 0.7743557095527649 / AUROC : 0.8015954481143566 
15 epoch: Training d_loss : -0.0029261615438506824 / Training g_loss : -0.41310364356473406 /Training roc : 0.9842175367297993 / Training ap : 0.9861312508583069 
15 epoch, SNS : Val AP : 0.987119197845459 / AUROC : 0.9862648537919994 
15 epoch, MNS : Val AP : 0.8451523184776306 / AUROC : 0.8348562703723497 
15 epoch, CNS : Val AP : 0.6065921187400818 / AUROC : 0.5849479648362621 
15 epoch, ALL : Val AP : 0.7743557095527649 / AUROC : 0.8015954481143566 
16 epoch: Training d_loss : -0.003122264210743046 / Training g_loss : -0.4114757453727495 /Training roc : 0.983327203559819 / Training ap : 0.9853715896606445 
16 epoch, SNS : Val AP : 0.9874054193496704 / AUROC : 0.9865133133427846 
16 epoch, MNS : Val AP : 0.8457544445991516 / AUROC : 0.8345244279741098 
16 epoch, CNS : Val AP : 0.6111478805541992 / AUROC : 0.5886033870859348 
16 epoch, ALL : Val AP : 0.7778076529502869 / AUROC : 0.8027002263959871 
17 epoch: Training d_loss : -0.003334285587036851 / Training g_loss : -0.4099768345134335 /Training roc : 0.9835586519563274 / Training ap : 0.9855021834373474 
17 epoch, SNS : Val AP : 0.9874054193496704 / AUROC : 0.9865133133427846 
17 epoch, MNS : Val AP : 0.8457544445991516 / AUROC : 0.8345244279741098 
17 epoch, CNS : Val AP : 0.6111478805541992 / AUROC : 0.5886033870859348 
17 epoch, ALL : Val AP : 0.7778076529502869 / AUROC : 0.8027002263959871 
18 epoch: Training d_loss : -0.003505079535250158 / Training g_loss : -0.4082949399877078 /Training roc : 0.9835617491444797 / Training ap : 0.9855375289916992 
18 epoch, SNS : Val AP : 0.9874401092529297 / AUROC : 0.9865255363081632 
18 epoch, MNS : Val AP : 0.846035897731781 / AUROC : 0.8339854174244905 
18 epoch, CNS : Val AP : 0.613596498966217 / AUROC : 0.5897046540429658 
18 epoch, ALL : Val AP : 0.7793782949447632 / AUROC : 0.8028394793070085 
19 epoch: Training d_loss : -0.003737016036430805 / Training g_loss : -0.40661349440958167 /Training roc : 0.9838361282779294 / Training ap : 0.9857840538024902 
19 epoch, SNS : Val AP : 0.9874401092529297 / AUROC : 0.9865255363081632 
19 epoch, MNS : Val AP : 0.846035897731781 / AUROC : 0.8339854174244905 
19 epoch, CNS : Val AP : 0.613596498966217 / AUROC : 0.5897046540429658 
19 epoch, ALL : Val AP : 0.7793782949447632 / AUROC : 0.8028394793070085 
20 epoch: Training d_loss : -0.003976979613730393 / Training g_loss : -0.4048853779435868 /Training roc : 0.9838568920997525 / Training ap : 0.9858508110046387 
20 epoch, SNS : Val AP : 0.9876661896705627 / AUROC : 0.9868025309272136 
20 epoch, MNS : Val AP : 0.844913899898529 / AUROC : 0.8330254479472352 
20 epoch, CNS : Val AP : 0.6139112114906311 / AUROC : 0.5899167558276432 
20 epoch, ALL : Val AP : 0.7792547345161438 / AUROC : 0.802571196328737 
21 epoch: Training d_loss : -0.0041910585579911916 / Training g_loss : -0.40325967308591176 /Training roc : 0.9842114705465438 / Training ap : 0.9860918521881104 
21 epoch, SNS : Val AP : 0.9876661896705627 / AUROC : 0.9868025309272136 
21 epoch, MNS : Val AP : 0.844913899898529 / AUROC : 0.8330254479472352 
21 epoch, CNS : Val AP : 0.6139112114906311 / AUROC : 0.5899167558276432 
21 epoch, ALL : Val AP : 0.7792547345161438 / AUROC : 0.802571196328737 
22 epoch: Training d_loss : -0.004409801792842391 / Training g_loss : -0.40144449909860025 /Training roc : 0.9837902221474569 / Training ap : 0.985636830329895 
22 epoch, SNS : Val AP : 0.987684428691864 / AUROC : 0.9868355107101623 
22 epoch, MNS : Val AP : 0.8445717096328735 / AUROC : 0.8324593246380491 
22 epoch, CNS : Val AP : 0.6131278872489929 / AUROC : 0.5893211640601081 
22 epoch, ALL : Val AP : 0.7783697247505188 / AUROC : 0.80216539387817 
23 epoch: Training d_loss : -0.00462085408235193 / Training g_loss : -0.3997770156777942 /Training roc : 0.9843798944590372 / Training ap : 0.9861887097358704 
23 epoch, SNS : Val AP : 0.987684428691864 / AUROC : 0.9868355107101623 
23 epoch, MNS : Val AP : 0.8445717096328735 / AUROC : 0.8324593246380491 
23 epoch, CNS : Val AP : 0.6131278872489929 / AUROC : 0.5893211640601081 
23 epoch, ALL : Val AP : 0.7783697247505188 / AUROC : 0.80216539387817 
24 epoch: Training d_loss : -0.004883037917804377 / Training g_loss : -0.39765657749164657 /Training roc : 0.9842188718897876 / Training ap : 0.9860823750495911 
24 epoch, SNS : Val AP : 0.9876934885978699 / AUROC : 0.9868117314866076 
24 epoch, MNS : Val AP : 0.8451276421546936 / AUROC : 0.832956065951032 
24 epoch, CNS : Val AP : 0.6116898655891418 / AUROC : 0.5884761349045577 
24 epoch, ALL : Val AP : 0.777601957321167 / AUROC : 0.8018845323573451 
25 epoch: Training d_loss : -0.005153424415497336 / Training g_loss : -0.3958411875018641 /Training roc : 0.9843779891620204 / Training ap : 0.9862085580825806 
25 epoch, SNS : Val AP : 0.9876934885978699 / AUROC : 0.9868117314866076 
25 epoch, MNS : Val AP : 0.8451276421546936 / AUROC : 0.832956065951032 
25 epoch, CNS : Val AP : 0.6116898655891418 / AUROC : 0.5884761349045577 
25 epoch, ALL : Val AP : 0.777601957321167 / AUROC : 0.8018845323573451 
26 epoch: Training d_loss : -0.005400393091595073 / Training g_loss : -0.3939156446326191 /Training roc : 0.9838624927038154 / Training ap : 0.9856996536254883 
26 epoch, SNS : Val AP : 0.9876363277435303 / AUROC : 0.9867607061620457 
26 epoch, MNS : Val AP : 0.8437883257865906 / AUROC : 0.8318076405712134 
26 epoch, CNS : Val AP : 0.6096246242523193 / AUROC : 0.5863692068033293 
26 epoch, ALL : Val AP : 0.7754874229431152 / AUROC : 0.8008585144198989 
27 epoch: Training d_loss : -0.005647316930262779 / Training g_loss : -0.3919733689922542 /Training roc : 0.9848077281688038 / Training ap : 0.986656904220581 
27 epoch, SNS : Val AP : 0.9876363277435303 / AUROC : 0.9867607061620457 
27 epoch, MNS : Val AP : 0.8437883257865906 / AUROC : 0.8318076405712134 
27 epoch, CNS : Val AP : 0.6096246242523193 / AUROC : 0.5863692068033293 
27 epoch, ALL : Val AP : 0.7754874229431152 / AUROC : 0.8008585144198989 
28 epoch: Training d_loss : -0.005889600707409205 / Training g_loss : -0.3895296442337992 /Training roc : 0.9837771655100026 / Training ap : 0.9856852293014526 
28 epoch, SNS : Val AP : 0.9876755475997925 / AUROC : 0.9867851520928028 
28 epoch, MNS : Val AP : 0.8450179696083069 / AUROC : 0.8325276399027284 
28 epoch, CNS : Val AP : 0.6122404336929321 / AUROC : 0.5874389607332571 
28 epoch, ALL : Val AP : 0.7775834798812866 / AUROC : 0.8016346949450083 
29 epoch: Training d_loss : -0.0062109367639998575 / Training g_loss : -0.38710963722491576 /Training roc : 0.9845482829949135 / Training ap : 0.9864386320114136 
29 epoch, SNS : Val AP : 0.9876755475997925 / AUROC : 0.9867851520928028 
29 epoch, MNS : Val AP : 0.8450179696083069 / AUROC : 0.8325276399027284 
29 epoch, CNS : Val AP : 0.6122404336929321 / AUROC : 0.5874389607332571 
29 epoch, ALL : Val AP : 0.7775834798812866 / AUROC : 0.8016346949450083 
30 epoch: Training d_loss : -0.00656275847245172 / Training g_loss : -0.38474216101706665 /Training roc : 0.9845096628274871 / Training ap : 0.9863542318344116 
30 epoch, SNS : Val AP : 0.9878174066543579 / AUROC : 0.9869517844462721 
30 epoch, MNS : Val AP : 0.8446872234344482 / AUROC : 0.832313671337884 
30 epoch, CNS : Val AP : 0.6113298535346985 / AUROC : 0.585845708307954 
30 epoch, ALL : Val AP : 0.776911199092865 / AUROC : 0.8011752447882164 
31 epoch: Training d_loss : -0.006867362786448941 / Training g_loss : -0.38255210167468306 /Training roc : 0.9847536883770099 / Training ap : 0.9865766763687134 
31 epoch, SNS : Val AP : 0.9878174066543579 / AUROC : 0.9869517844462721 
31 epoch, MNS : Val AP : 0.8446872234344482 / AUROC : 0.832313671337884 
31 epoch, CNS : Val AP : 0.6113298535346985 / AUROC : 0.585845708307954 
31 epoch, ALL : Val AP : 0.776911199092865 / AUROC : 0.8011752447882164 
32 epoch: Training d_loss : -0.007162771541825068 / Training g_loss : -0.38009500535509155 /Training roc : 0.9845389019484252 / Training ap : 0.9863914251327515 
32 epoch, SNS : Val AP : 0.9878984689712524 / AUROC : 0.9870785477090339 
32 epoch, MNS : Val AP : 0.8442723155021667 / AUROC : 0.8316882999819722 
32 epoch, CNS : Val AP : 0.6125672459602356 / AUROC : 0.5861883958100208 
32 epoch, ALL : Val AP : 0.7775976061820984 / AUROC : 0.8011101297181091 
33 epoch: Training d_loss : -0.0074905656340295565 / Training g_loss : -0.37766202499244156 /Training roc : 0.9847654621288291 / Training ap : 0.9864974021911621 
33 epoch, SNS : Val AP : 0.9878984689712524 / AUROC : 0.9870785477090339 
33 epoch, MNS : Val AP : 0.8442723155021667 / AUROC : 0.8316882999819722 
33 epoch, CNS : Val AP : 0.6125672459602356 / AUROC : 0.5861883958100208 
33 epoch, ALL : Val AP : 0.7775976061820984 / AUROC : 0.8011101297181091 
34 epoch: Training d_loss : -0.007792716461796584 / Training g_loss : -0.37503593172589417 /Training roc : 0.9850783079595402 / Training ap : 0.9868490099906921 
34 epoch, SNS : Val AP : 0.9879843592643738 / AUROC : 0.987182154008297 
34 epoch, MNS : Val AP : 0.8442177772521973 / AUROC : 0.8317731940324194 
34 epoch, CNS : Val AP : 0.6140125393867493 / AUROC : 0.586752385656159 
34 epoch, ALL : Val AP : 0.7780064344406128 / AUROC : 0.8011724446179661 
35 epoch: Training d_loss : -0.008041835236663181 / Training g_loss : -0.37281603407034725 /Training roc : 0.9849691764343127 / Training ap : 0.9866565465927124 
35 epoch, SNS : Val AP : 0.9879843592643738 / AUROC : 0.987182154008297 
35 epoch, MNS : Val AP : 0.8442177772521973 / AUROC : 0.8317731940324194 
35 epoch, CNS : Val AP : 0.6140125393867493 / AUROC : 0.586752385656159 
35 epoch, ALL : Val AP : 0.7780064344406128 / AUROC : 0.8011724446179661 
36 epoch: Training d_loss : -0.008397368001568446 / Training g_loss : -0.36997961006943175 /Training roc : 0.9849140453083514 / Training ap : 0.9865961074829102 
36 epoch, SNS : Val AP : 0.9881373643875122 / AUROC : 0.9873688320249872 
36 epoch, MNS : Val AP : 0.8449451923370361 / AUROC : 0.8325626198072843 
36 epoch, CNS : Val AP : 0.6144250631332397 / AUROC : 0.5869220404156128 
36 epoch, ALL : Val AP : 0.7779043912887573 / AUROC : 0.8014055254559477 
37 epoch: Training d_loss : -0.008613251478225881 / Training g_loss : -0.3674915182860446 /Training roc : 0.9848878007140095 / Training ap : 0.986486554145813 
37 epoch, SNS : Val AP : 0.9881373643875122 / AUROC : 0.9873688320249872 
37 epoch, MNS : Val AP : 0.8449451923370361 / AUROC : 0.8325626198072843 
37 epoch, CNS : Val AP : 0.6144250631332397 / AUROC : 0.5869220404156128 
37 epoch, ALL : Val AP : 0.7779043912887573 / AUROC : 0.8014055254559477 
38 epoch: Training d_loss : -0.00877987872586899 / Training g_loss : -0.36514513415055516 /Training roc : 0.9847179213394844 / Training ap : 0.9862769246101379 
38 epoch, SNS : Val AP : 0.9882317185401917 / AUROC : 0.9874862613869144 
38 epoch, MNS : Val AP : 0.8444375991821289 / AUROC : 0.8320669452258254 
38 epoch, CNS : Val AP : 0.6141599416732788 / AUROC : 0.5865352613438897 
38 epoch, ALL : Val AP : 0.7778160572052002 / AUROC : 0.8012104024813599 
39 epoch: Training d_loss : -0.009111820088524073 / Training g_loss : -0.36263259570419576 /Training roc : 0.9851744838021597 / Training ap : 0.9868540167808533 
39 epoch, SNS : Val AP : 0.9882317185401917 / AUROC : 0.9874862613869144 
39 epoch, MNS : Val AP : 0.8444375991821289 / AUROC : 0.8320669452258254 
39 epoch, CNS : Val AP : 0.6141599416732788 / AUROC : 0.5865352613438897 
39 epoch, ALL : Val AP : 0.7778160572052002 / AUROC : 0.8012104024813599 
40 epoch: Training d_loss : -0.009360519314409012 / Training g_loss : -0.36032277786120753 /Training roc : 0.984985518560943 / Training ap : 0.986603319644928 
40 epoch, SNS : Val AP : 0.9883289933204651 / AUROC : 0.9876030240416396 
40 epoch, MNS : Val AP : 0.8436954021453857 / AUROC : 0.8318796893962265 
40 epoch, CNS : Val AP : 0.6134867668151855 / AUROC : 0.5858069948430642 
40 epoch, ALL : Val AP : 0.777241587638855 / AUROC : 0.8008222899952316 
41 epoch: Training d_loss : -0.009575911221896834 / Training g_loss : -0.3581134475998776 /Training roc : 0.9847730563947057 / Training ap : 0.986406683921814 
41 epoch, SNS : Val AP : 0.9883289933204651 / AUROC : 0.9876030240416396 
41 epoch, MNS : Val AP : 0.8436954021453857 / AUROC : 0.8318796893962265 
41 epoch, CNS : Val AP : 0.6134867668151855 / AUROC : 0.5858069948430642 
41 epoch, ALL : Val AP : 0.777241587638855 / AUROC : 0.8008222899952316 
42 epoch: Training d_loss : -0.009998360801936617 / Training g_loss : -0.35503910671968425 /Training roc : 0.9855399790568207 / Training ap : 0.9871588945388794 
42 epoch, SNS : Val AP : 0.9884125590324402 / AUROC : 0.9876982742772984 
42 epoch, MNS : Val AP : 0.8443725109100342 / AUROC : 0.832292914520314 
42 epoch, CNS : Val AP : 0.6148420572280884 / AUROC : 0.5864783689959461 
42 epoch, ALL : Val AP : 0.7787026166915894 / AUROC : 0.8013192535439487 
43 epoch: Training d_loss : -0.010225384468401431 / Training g_loss : -0.35232230708340495 /Training roc : 0.9854588826706938 / Training ap : 0.9870316982269287 
43 epoch, SNS : Val AP : 0.9884125590324402 / AUROC : 0.9876982742772984 
43 epoch, MNS : Val AP : 0.8443725109100342 / AUROC : 0.832292914520314 
43 epoch, CNS : Val AP : 0.6148420572280884 / AUROC : 0.5864783689959461 
43 epoch, ALL : Val AP : 0.7787026166915894 / AUROC : 0.8013192535439487 
44 epoch: Training d_loss : -0.010517347861872653 / Training g_loss : -0.34957761297931533 /Training roc : 0.9853690183996321 / Training ap : 0.9869524836540222 
44 epoch, SNS : Val AP : 0.9885438680648804 / AUROC : 0.9878553060470521 
44 epoch, MNS : Val AP : 0.8438532948493958 / AUROC : 0.8318126186516583 
44 epoch, CNS : Val AP : 0.6148754954338074 / AUROC : 0.5864713018996 
44 epoch, ALL : Val AP : 0.7790452241897583 / AUROC : 0.8013682342997563 
45 epoch: Training d_loss : -0.010792498313627595 / Training g_loss : -0.34691122202679997 /Training roc : 0.9855155851451192 / Training ap : 0.987017035484314 
45 epoch, SNS : Val AP : 0.9885438680648804 / AUROC : 0.9878553060470521 
45 epoch, MNS : Val AP : 0.8438532948493958 / AUROC : 0.8318126186516583 
45 epoch, CNS : Val AP : 0.6148754954338074 / AUROC : 0.5864713018996 
45 epoch, ALL : Val AP : 0.7790452241897583 / AUROC : 0.8013682342997563 
46 epoch: Training d_loss : -0.011116966463101492 / Training g_loss : -0.34435145764725994 /Training roc : 0.9855864472839903 / Training ap : 0.9871280193328857 
46 epoch, SNS : Val AP : 0.9886946678161621 / AUROC : 0.9880105154837858 
46 epoch, MNS : Val AP : 0.84308922290802 / AUROC : 0.8315273568632973 
46 epoch, CNS : Val AP : 0.612268328666687 / AUROC : 0.5850733057903255 
46 epoch, ALL : Val AP : 0.7779275178909302 / AUROC : 0.8010042121672108 
47 epoch: Training d_loss : -0.011363152210069442 / Training g_loss : -0.34208714986900157 /Training roc : 0.9858790289593076 / Training ap : 0.9874744415283203 
47 epoch, SNS : Val AP : 0.9886946678161621 / AUROC : 0.9880105154837858 
47 epoch, MNS : Val AP : 0.84308922290802 / AUROC : 0.8315273568632973 
47 epoch, CNS : Val AP : 0.612268328666687 / AUROC : 0.5850733057903255 
47 epoch, ALL : Val AP : 0.7779275178909302 / AUROC : 0.8010042121672108 
48 epoch: Training d_loss : -0.011603674814726656 / Training g_loss : -0.3395574986224237 /Training roc : 0.9855426475636118 / Training ap : 0.9870582818984985 
48 epoch, SNS : Val AP : 0.9888914823532104 / AUROC : 0.988221372748352 
48 epoch, MNS : Val AP : 0.8430913686752319 / AUROC : 0.8318114630258407 
48 epoch, CNS : Val AP : 0.6106762886047363 / AUROC : 0.5841082693383313 
48 epoch, ALL : Val AP : 0.7776485681533813 / AUROC : 0.8009186958567082 
49 epoch: Training d_loss : -0.011841139577426843 / Training g_loss : -0.3371479260836227 /Training roc : 0.9857951436600307 / Training ap : 0.987246036529541 
49 epoch, SNS : Val AP : 0.9888914823532104 / AUROC : 0.988221372748352 
49 epoch, MNS : Val AP : 0.8430913686752319 / AUROC : 0.8318114630258407 
49 epoch, CNS : Val AP : 0.6106762886047363 / AUROC : 0.5841082693383313 
49 epoch, ALL : Val AP : 0.7776485681533813 / AUROC : 0.8009186958567082 
