args: Namespace(D_lr=5e-07, G_lr=1e-08, alpha_e=0, alpha_v=0, bs=32, clip=0.01, dataset_name='hypergraph_pretrain_noDD', dim_edge=400, dim_hidden=400, dim_vertex=400, epochs=50, exp_num=1, fix_seed=True, folder_name='hypertension', gen='MLP', gpu=3, memory_size=128, memory_type='sample', model='hnhn', n_layers=1, testns='SMCA', train_DG='epoch1:1', training='wgan')
0 epoch: Training d_loss : -0.0003630410088559608 / Training g_loss : -0.430565537978186 /Training roc : 0.9313206754992746 / Training ap : 0.9134008884429932 
0 epoch, SNS : Val AP : 0.9734997749328613 / AUROC : 0.9717580952149171 
0 epoch, MNS : Val AP : 0.7859556674957275 / AUROC : 0.7928145686611929 
0 epoch, CNS : Val AP : 0.5712555646896362 / AUROC : 0.5722009377243569 
0 epoch, ALL : Val AP : 0.7383698225021362 / AUROC : 0.779091658479215 
1 epoch: Training d_loss : -0.00040079626558502086 / Training g_loss : -0.42976979592652587 /Training roc : 0.9692102599424985 / Training ap : 0.9713587760925293 
1 epoch, SNS : Val AP : 0.9734997749328613 / AUROC : 0.9717580952149171 
1 epoch, MNS : Val AP : 0.7859556674957275 / AUROC : 0.7928145686611929 
1 epoch, CNS : Val AP : 0.5712555646896362 / AUROC : 0.5722009377243569 
1 epoch, ALL : Val AP : 0.7383698225021362 / AUROC : 0.779091658479215 
2 epoch: Training d_loss : -0.0005603231543003801 / Training g_loss : -0.42867052096313396 /Training roc : 0.967795547842657 / Training ap : 0.9704770445823669 
2 epoch, SNS : Val AP : 0.9814763069152832 / AUROC : 0.9796632049697813 
2 epoch, MNS : Val AP : 0.8220831155776978 / AUROC : 0.8148168899499714 
2 epoch, CNS : Val AP : 0.5905451774597168 / AUROC : 0.5827633410030626 
2 epoch, ALL : Val AP : 0.761539101600647 / AUROC : 0.7931619308690512 
3 epoch: Training d_loss : -0.000704560050542779 / Training g_loss : -0.42763457211399875 /Training roc : 0.9779637688926787 / Training ap : 0.9801632165908813 
3 epoch, SNS : Val AP : 0.9814763069152832 / AUROC : 0.9796632049697813 
3 epoch, MNS : Val AP : 0.8220831155776978 / AUROC : 0.8148168899499714 
3 epoch, CNS : Val AP : 0.5905451774597168 / AUROC : 0.5827633410030626 
3 epoch, ALL : Val AP : 0.761539101600647 / AUROC : 0.7931619308690512 
4 epoch: Training d_loss : -0.0008748196857662041 / Training g_loss : -0.4266199975173248 /Training roc : 0.9774550160019481 / Training ap : 0.979920506477356 
4 epoch, SNS : Val AP : 0.9842358231544495 / AUROC : 0.9827054893055037 
4 epoch, MNS : Val AP : 0.8292580842971802 / AUROC : 0.8206182621036258 
4 epoch, CNS : Val AP : 0.5982626080513 / AUROC : 0.58620851233417 
4 epoch, ALL : Val AP : 0.768143892288208 / AUROC : 0.7975918786719164 
5 epoch: Training d_loss : -0.0010292602076166285 / Training g_loss : -0.42564616930228716 /Training roc : 0.9803289797320713 / Training ap : 0.9823997020721436 
5 epoch, SNS : Val AP : 0.9842358231544495 / AUROC : 0.9827054893055037 
5 epoch, MNS : Val AP : 0.8292580842971802 / AUROC : 0.8206182621036258 
5 epoch, CNS : Val AP : 0.5982626080513 / AUROC : 0.58620851233417 
5 epoch, ALL : Val AP : 0.768143892288208 / AUROC : 0.7975918786719164 
6 epoch: Training d_loss : -0.001186614715924827 / Training g_loss : -0.42462705031233167 /Training roc : 0.9804784916628929 / Training ap : 0.9826605319976807 
6 epoch, SNS : Val AP : 0.9854648113250732 / AUROC : 0.9841299965397741 
6 epoch, MNS : Val AP : 0.8332483172416687 / AUROC : 0.8237346829952961 
6 epoch, CNS : Val AP : 0.6009963154792786 / AUROC : 0.5872143536217217 
6 epoch, ALL : Val AP : 0.7711741328239441 / AUROC : 0.7996033166593879 
7 epoch: Training d_loss : -0.0013235006993247047 / Training g_loss : -0.4236936830206726 /Training roc : 0.982214729624018 / Training ap : 0.9839754700660706 
7 epoch, SNS : Val AP : 0.9854648113250732 / AUROC : 0.9841299965397741 
7 epoch, MNS : Val AP : 0.8332483172416687 / AUROC : 0.8237346829952961 
7 epoch, CNS : Val AP : 0.6009963154792786 / AUROC : 0.5872143536217217 
7 epoch, ALL : Val AP : 0.7711741328239441 / AUROC : 0.7996033166593879 
8 epoch: Training d_loss : -0.0014740755528140465 / Training g_loss : -0.42277534835947445 /Training roc : 0.9820860069425656 / Training ap : 0.9839456677436829 
8 epoch, SNS : Val AP : 0.9863325953483582 / AUROC : 0.9850924568544857 
8 epoch, MNS : Val AP : 0.8363750576972961 / AUROC : 0.826598362082449 
8 epoch, CNS : Val AP : 0.599105179309845 / AUROC : 0.5841754457141448 
8 epoch, ALL : Val AP : 0.7719784379005432 / AUROC : 0.8000523257097836 
9 epoch: Training d_loss : -0.0016418187884589392 / Training g_loss : -0.4218023183311613 /Training roc : 0.9836646399212641 / Training ap : 0.9854260683059692 
9 epoch, SNS : Val AP : 0.9863325953483582 / AUROC : 0.9850924568544857 
9 epoch, MNS : Val AP : 0.8363750576972961 / AUROC : 0.826598362082449 
9 epoch, CNS : Val AP : 0.599105179309845 / AUROC : 0.5841754457141448 
9 epoch, ALL : Val AP : 0.7719784379005432 / AUROC : 0.8000523257097836 
10 epoch: Training d_loss : -0.0017387301689969611 / Training g_loss : -0.4208949435155545 /Training roc : 0.9826913536229482 / Training ap : 0.9843974113464355 
10 epoch, SNS : Val AP : 0.9866869449615479 / AUROC : 0.9854829413266826 
10 epoch, MNS : Val AP : 0.8383495211601257 / AUROC : 0.8278922472351289 
10 epoch, CNS : Val AP : 0.6045876741409302 / AUROC : 0.5861678280465155 
10 epoch, ALL : Val AP : 0.7752277851104736 / AUROC : 0.8012528511239077 
11 epoch: Training d_loss : -0.0018884733835571271 / Training g_loss : -0.41987322792499865 /Training roc : 0.9837908619580567 / Training ap : 0.9854457378387451 
11 epoch, SNS : Val AP : 0.9866869449615479 / AUROC : 0.9854829413266826 
11 epoch, MNS : Val AP : 0.8383495211601257 / AUROC : 0.8278922472351289 
11 epoch, CNS : Val AP : 0.6045876741409302 / AUROC : 0.5861678280465155 
11 epoch, ALL : Val AP : 0.7752277851104736 / AUROC : 0.8012528511239077 
12 epoch: Training d_loss : -0.0020608392988054557 / Training g_loss : -0.418742438014975 /Training roc : 0.9834890265314694 / Training ap : 0.9851803183555603 
12 epoch, SNS : Val AP : 0.9872016906738281 / AUROC : 0.9860634752444968 
12 epoch, MNS : Val AP : 0.8387789130210876 / AUROC : 0.8280232704764989 
12 epoch, CNS : Val AP : 0.6078038215637207 / AUROC : 0.5856544103885051 
12 epoch, ALL : Val AP : 0.7770254611968994 / AUROC : 0.8013274557045886 
13 epoch: Training d_loss : -0.002248656955994399 / Training g_loss : -0.41755616469286505 /Training roc : 0.9847657660100158 / Training ap : 0.9862506985664368 
13 epoch, SNS : Val AP : 0.9872016906738281 / AUROC : 0.9860634752444968 
13 epoch, MNS : Val AP : 0.8387789130210876 / AUROC : 0.8280232704764989 
13 epoch, CNS : Val AP : 0.6078038215637207 / AUROC : 0.5856544103885051 
13 epoch, ALL : Val AP : 0.7770254611968994 / AUROC : 0.8013274557045886 
14 epoch: Training d_loss : -0.0024725629045686984 / Training g_loss : -0.41601896250404624 /Training roc : 0.9843432721629668 / Training ap : 0.9860045313835144 
14 epoch, SNS : Val AP : 0.9873615503311157 / AUROC : 0.9862378571720527 
14 epoch, MNS : Val AP : 0.8393665552139282 / AUROC : 0.8275637642355448 
14 epoch, CNS : Val AP : 0.6142701506614685 / AUROC : 0.5891964506630748 
14 epoch, ALL : Val AP : 0.7804536819458008 / AUROC : 0.8024521509550155 
15 epoch: Training d_loss : -0.0026896502844891384 / Training g_loss : -0.4145659593555947 /Training roc : 0.9850799501347298 / Training ap : 0.9865931272506714 
15 epoch, SNS : Val AP : 0.9873615503311157 / AUROC : 0.9862378571720527 
15 epoch, MNS : Val AP : 0.8393665552139282 / AUROC : 0.8275637642355448 
15 epoch, CNS : Val AP : 0.6142701506614685 / AUROC : 0.5891964506630748 
15 epoch, ALL : Val AP : 0.7804536819458008 / AUROC : 0.8024521509550155 
16 epoch: Training d_loss : -0.00289463065120087 / Training g_loss : -0.413149014648788 /Training roc : 0.9846056841810414 / Training ap : 0.9861583709716797 
16 epoch, SNS : Val AP : 0.9875732660293579 / AUROC : 0.9864555866424669 
16 epoch, MNS : Val AP : 0.8396093249320984 / AUROC : 0.8275865077663865 
16 epoch, CNS : Val AP : 0.6148267984390259 / AUROC : 0.5890596774648628 
16 epoch, ALL : Val AP : 0.7807398438453674 / AUROC : 0.8024660780347425 
17 epoch: Training d_loss : -0.003046478831355005 / Training g_loss : -0.41182368758758764 /Training roc : 0.9849761519743236 / Training ap : 0.9864751100540161 
17 epoch, SNS : Val AP : 0.9875732660293579 / AUROC : 0.9864555866424669 
17 epoch, MNS : Val AP : 0.8396093249320984 / AUROC : 0.8275865077663865 
17 epoch, CNS : Val AP : 0.6148267984390259 / AUROC : 0.5890596774648628 
17 epoch, ALL : Val AP : 0.7807398438453674 / AUROC : 0.8024660780347425 
18 epoch: Training d_loss : -0.003268240370869921 / Training g_loss : -0.4103116209225325 /Training roc : 0.9844417447407882 / Training ap : 0.9859902262687683 
18 epoch, SNS : Val AP : 0.9877133369445801 / AUROC : 0.98658911713246 
18 epoch, MNS : Val AP : 0.8392592668533325 / AUROC : 0.8274780497626226 
18 epoch, CNS : Val AP : 0.6127108335494995 / AUROC : 0.587015746100805 
18 epoch, ALL : Val AP : 0.7796934843063354 / AUROC : 0.8018155385698663 
19 epoch: Training d_loss : -0.003450878934763381 / Training g_loss : -0.4089804594377178 /Training roc : 0.9854571121663694 / Training ap : 0.986811637878418 
19 epoch, SNS : Val AP : 0.9877133369445801 / AUROC : 0.98658911713246 
19 epoch, MNS : Val AP : 0.8392592668533325 / AUROC : 0.8274780497626226 
19 epoch, CNS : Val AP : 0.6127108335494995 / AUROC : 0.587015746100805 
19 epoch, ALL : Val AP : 0.7796934843063354 / AUROC : 0.8018155385698663 
20 epoch: Training d_loss : -0.003662826179603522 / Training g_loss : -0.40740751693183236 /Training roc : 0.9848848722375579 / Training ap : 0.9863442182540894 
20 epoch, SNS : Val AP : 0.9876675009727478 / AUROC : 0.9865166186456124 
20 epoch, MNS : Val AP : 0.8399643898010254 / AUROC : 0.8278311595153472 
20 epoch, CNS : Val AP : 0.6111465692520142 / AUROC : 0.5862443381311597 
20 epoch, ALL : Val AP : 0.7795278429985046 / AUROC : 0.8017676071322781 
21 epoch: Training d_loss : -0.0037940756944597194 / Training g_loss : -0.4058361021103893 /Training roc : 0.985455962060329 / Training ap : 0.9869388937950134 
21 epoch, SNS : Val AP : 0.9876675009727478 / AUROC : 0.9865166186456124 
21 epoch, MNS : Val AP : 0.8399643898010254 / AUROC : 0.8278311595153472 
21 epoch, CNS : Val AP : 0.6111465692520142 / AUROC : 0.5862443381311597 
21 epoch, ALL : Val AP : 0.7795278429985046 / AUROC : 0.8017676071322781 
22 epoch: Training d_loss : -0.00406296323348402 / Training g_loss : -0.40399753986863396 /Training roc : 0.9851848878543282 / Training ap : 0.9866999387741089 
22 epoch, SNS : Val AP : 0.9877985715866089 / AUROC : 0.9866510851750911 
22 epoch, MNS : Val AP : 0.8407219648361206 / AUROC : 0.8281043381819734 
22 epoch, CNS : Val AP : 0.6129393577575684 / AUROC : 0.5876549830663771 
22 epoch, ALL : Val AP : 0.7808207273483276 / AUROC : 0.802385111564042 
23 epoch: Training d_loss : -0.004327897209420426 / Training g_loss : -0.40210371055910665 /Training roc : 0.9854447198957651 / Training ap : 0.9867962598800659 
23 epoch, SNS : Val AP : 0.9877985715866089 / AUROC : 0.9866510851750911 
23 epoch, MNS : Val AP : 0.8407219648361206 / AUROC : 0.8281043381819734 
23 epoch, CNS : Val AP : 0.6129393577575684 / AUROC : 0.5876549830663771 
23 epoch, ALL : Val AP : 0.7808207273483276 / AUROC : 0.802385111564042 
24 epoch: Training d_loss : -0.004528798145155349 / Training g_loss : -0.40043242506878474 /Training roc : 0.9853780588938371 / Training ap : 0.9868202209472656 
24 epoch, SNS : Val AP : 0.9880393743515015 / AUROC : 0.986908919480145 
24 epoch, MNS : Val AP : 0.8404731750488281 / AUROC : 0.8281318064835532 
24 epoch, CNS : Val AP : 0.6136245131492615 / AUROC : 0.5879076357242767 
24 epoch, ALL : Val AP : 0.781165599822998 / AUROC : 0.8026070423649064 
25 epoch: Training d_loss : -0.004674886574739481 / Training g_loss : -0.39893235926702175 /Training roc : 0.9854552819018808 / Training ap : 0.986818790435791 
25 epoch, SNS : Val AP : 0.9880393743515015 / AUROC : 0.986908919480145 
25 epoch, MNS : Val AP : 0.8404731750488281 / AUROC : 0.8281318064835532 
25 epoch, CNS : Val AP : 0.6136245131492615 / AUROC : 0.5879076357242767 
25 epoch, ALL : Val AP : 0.781165599822998 / AUROC : 0.8026070423649064 
26 epoch: Training d_loss : -0.004926883982303319 / Training g_loss : -0.39704756780143 /Training roc : 0.9860402038244986 / Training ap : 0.9874559044837952 
26 epoch, SNS : Val AP : 0.9881631135940552 / AUROC : 0.9870328667087349 
26 epoch, MNS : Val AP : 0.840374767780304 / AUROC : 0.8281442090067412 
26 epoch, CNS : Val AP : 0.6127779483795166 / AUROC : 0.5872707500007466 
26 epoch, ALL : Val AP : 0.7809849381446838 / AUROC : 0.8025008288840771 
27 epoch: Training d_loss : -0.005145507563114736 / Training g_loss : -0.3952875379094656 /Training roc : 0.985694578180602 / Training ap : 0.9870376586914062 
27 epoch, SNS : Val AP : 0.9881631135940552 / AUROC : 0.9870328667087349 
27 epoch, MNS : Val AP : 0.840374767780304 / AUROC : 0.8281442090067412 
27 epoch, CNS : Val AP : 0.6127779483795166 / AUROC : 0.5872707500007466 
27 epoch, ALL : Val AP : 0.7809849381446838 / AUROC : 0.8025008288840771 
28 epoch: Training d_loss : -0.005389797377757274 / Training g_loss : -0.3930402737079698 /Training roc : 0.9850081244506698 / Training ap : 0.9864522218704224 
28 epoch, SNS : Val AP : 0.9883321523666382 / AUROC : 0.9872192388563721 
28 epoch, MNS : Val AP : 0.841241180896759 / AUROC : 0.8288646139677327 
28 epoch, CNS : Val AP : 0.6134538650512695 / AUROC : 0.5874350026438657 
28 epoch, ALL : Val AP : 0.7817916870117188 / AUROC : 0.8028741414707412 
29 epoch: Training d_loss : -0.005671051777632538 / Training g_loss : -0.39125111147868036 /Training roc : 0.9859868209647393 / Training ap : 0.987350344657898 
29 epoch, SNS : Val AP : 0.9883321523666382 / AUROC : 0.9872192388563721 
29 epoch, MNS : Val AP : 0.841241180896759 / AUROC : 0.8288646139677327 
29 epoch, CNS : Val AP : 0.6134538650512695 / AUROC : 0.5874350026438657 
29 epoch, ALL : Val AP : 0.7817916870117188 / AUROC : 0.8028741414707412 
30 epoch: Training d_loss : -0.005955100095115397 / Training g_loss : -0.38886870082418834 /Training roc : 0.9855827382868871 / Training ap : 0.986993670463562 
30 epoch, SNS : Val AP : 0.9882602095603943 / AUROC : 0.9871156281999458 
30 epoch, MNS : Val AP : 0.8416364789009094 / AUROC : 0.8288652825673655 
30 epoch, CNS : Val AP : 0.6145998239517212 / AUROC : 0.588267152890149 
30 epoch, ALL : Val AP : 0.7826107740402222 / AUROC : 0.8031908209804037 
31 epoch: Training d_loss : -0.006296952903769207 / Training g_loss : -0.3863822334983443 /Training roc : 0.9859439646112659 / Training ap : 0.9873129725456238 
31 epoch, SNS : Val AP : 0.9882602095603943 / AUROC : 0.9871156281999458 
31 epoch, MNS : Val AP : 0.8416364789009094 / AUROC : 0.8288652825673655 
31 epoch, CNS : Val AP : 0.6145998239517212 / AUROC : 0.588267152890149 
31 epoch, ALL : Val AP : 0.7826107740402222 / AUROC : 0.8031908209804037 
32 epoch: Training d_loss : -0.006552075287038216 / Training g_loss : -0.38415786755540204 /Training roc : 0.9860557072777589 / Training ap : 0.9874590635299683 
32 epoch, SNS : Val AP : 0.9882715940475464 / AUROC : 0.9871245651483704 
32 epoch, MNS : Val AP : 0.8405255675315857 / AUROC : 0.8278812041978607 
32 epoch, CNS : Val AP : 0.6145216226577759 / AUROC : 0.5877118920384538 
32 epoch, ALL : Val AP : 0.782223641872406 / AUROC : 0.8026214262528484 
33 epoch: Training d_loss : -0.006781255846382469 / Training g_loss : -0.38219171620041953 /Training roc : 0.9858899502025317 / Training ap : 0.9873125553131104 
33 epoch, SNS : Val AP : 0.9882715940475464 / AUROC : 0.9871245651483704 
33 epoch, MNS : Val AP : 0.8405255675315857 / AUROC : 0.8278812041978607 
33 epoch, CNS : Val AP : 0.6145216226577759 / AUROC : 0.5877118920384538 
33 epoch, ALL : Val AP : 0.782223641872406 / AUROC : 0.8026214262528484 
34 epoch: Training d_loss : -0.007113463554291282 / Training g_loss : -0.37967524718413204 /Training roc : 0.9858291066855858 / Training ap : 0.987274169921875 
34 epoch, SNS : Val AP : 0.9883186221122742 / AUROC : 0.9871801480645088 
34 epoch, MNS : Val AP : 0.8403092622756958 / AUROC : 0.8277309698603754 
34 epoch, CNS : Val AP : 0.6132202744483948 / AUROC : 0.5863441934863152 
34 epoch, ALL : Val AP : 0.7816786170005798 / AUROC : 0.802210956217473 
35 epoch: Training d_loss : -0.007462723619052016 / Training g_loss : -0.37752678563090636 /Training roc : 0.9862732609749628 / Training ap : 0.9877043962478638 
35 epoch, SNS : Val AP : 0.9883186221122742 / AUROC : 0.9871801480645088 
35 epoch, MNS : Val AP : 0.8403092622756958 / AUROC : 0.8277309698603754 
35 epoch, CNS : Val AP : 0.6132202744483948 / AUROC : 0.5863441934863152 
35 epoch, ALL : Val AP : 0.7816786170005798 / AUROC : 0.802210956217473 
36 epoch: Training d_loss : -0.007829425885401035 / Training g_loss : -0.37508269873856076 /Training roc : 0.9860259473571661 / Training ap : 0.9875198602676392 
36 epoch, SNS : Val AP : 0.9883356690406799 / AUROC : 0.9872080955291589 
36 epoch, MNS : Val AP : 0.8392598032951355 / AUROC : 0.8270502128576077 
36 epoch, CNS : Val AP : 0.6117238402366638 / AUROC : 0.5850228511753826 
36 epoch, ALL : Val AP : 0.7807793617248535 / AUROC : 0.8016327930005216 
37 epoch: Training d_loss : -0.00817885370769478 / Training g_loss : -0.372763335847058 /Training roc : 0.9859982477822878 / Training ap : 0.9873540997505188 
37 epoch, SNS : Val AP : 0.9883356690406799 / AUROC : 0.9872080955291589 
37 epoch, MNS : Val AP : 0.8392598032951355 / AUROC : 0.8270502128576077 
37 epoch, CNS : Val AP : 0.6117238402366638 / AUROC : 0.5850228511753826 
37 epoch, ALL : Val AP : 0.7807793617248535 / AUROC : 0.8016327930005216 
38 epoch: Training d_loss : -0.008489584588093 / Training g_loss : -0.36998539511448164 /Training roc : 0.9860815913006963 / Training ap : 0.9874700307846069 
38 epoch, SNS : Val AP : 0.9883630275726318 / AUROC : 0.987247542907493 
38 epoch, MNS : Val AP : 0.8386780619621277 / AUROC : 0.8266229219756264 
38 epoch, CNS : Val AP : 0.6116954684257507 / AUROC : 0.5849611171426227 
38 epoch, ALL : Val AP : 0.7806776165962219 / AUROC : 0.801491505562108 
39 epoch: Training d_loss : -0.008746600599699122 / Training g_loss : -0.36769428389901326 /Training roc : 0.986250588974373 / Training ap : 0.987607479095459 
39 epoch, SNS : Val AP : 0.9883630275726318 / AUROC : 0.987247542907493 
39 epoch, MNS : Val AP : 0.8386780619621277 / AUROC : 0.8266229219756264 
39 epoch, CNS : Val AP : 0.6116954684257507 / AUROC : 0.5849611171426227 
39 epoch, ALL : Val AP : 0.7806776165962219 / AUROC : 0.801491505562108 
40 epoch: Training d_loss : -0.008958811976175604 / Training g_loss : -0.3651469363375325 /Training roc : 0.9860557601217491 / Training ap : 0.9874181747436523 
40 epoch, SNS : Val AP : 0.9881976842880249 / AUROC : 0.9870521446648133 
40 epoch, MNS : Val AP : 0.8381615877151489 / AUROC : 0.8260065734041497 
40 epoch, CNS : Val AP : 0.6110218167304993 / AUROC : 0.5848097238991072 
40 epoch, ALL : Val AP : 0.7804650664329529 / AUROC : 0.8013254056384529 
41 epoch: Training d_loss : -0.009157002043410726 / Training g_loss : -0.36261330279682985 /Training roc : 0.9858292901076213 / Training ap : 0.9872292876243591 
41 epoch, SNS : Val AP : 0.9881976842880249 / AUROC : 0.9870521446648133 
41 epoch, MNS : Val AP : 0.8381615877151489 / AUROC : 0.8260065734041497 
41 epoch, CNS : Val AP : 0.6110218167304993 / AUROC : 0.5848097238991072 
41 epoch, ALL : Val AP : 0.7804650664329529 / AUROC : 0.8013254056384529 
42 epoch: Training d_loss : -0.00948551587031394 / Training g_loss : -0.3602321177792151 /Training roc : 0.986147692672303 / Training ap : 0.9874446988105774 
42 epoch, SNS : Val AP : 0.9882055521011353 / AUROC : 0.9870832679777191 
42 epoch, MNS : Val AP : 0.8372014760971069 / AUROC : 0.8255974238588709 
42 epoch, CNS : Val AP : 0.6079916954040527 / AUROC : 0.5828132742523039 
42 epoch, ALL : Val AP : 0.7790431380271912 / AUROC : 0.8007141628217342 
43 epoch: Training d_loss : -0.009561561448599702 / Training g_loss : -0.35806830047564125 /Training roc : 0.9858456774566906 / Training ap : 0.9872114062309265 
43 epoch, SNS : Val AP : 0.9882055521011353 / AUROC : 0.9870832679777191 
43 epoch, MNS : Val AP : 0.8372014760971069 / AUROC : 0.8255974238588709 
43 epoch, CNS : Val AP : 0.6079916954040527 / AUROC : 0.5828132742523039 
43 epoch, ALL : Val AP : 0.7790431380271912 / AUROC : 0.8007141628217342 
44 epoch: Training d_loss : -0.009935481698567152 / Training g_loss : -0.35448471925876757 /Training roc : 0.9861807622235016 / Training ap : 0.9875801801681519 
44 epoch, SNS : Val AP : 0.988106369972229 / AUROC : 0.986985150981609 
44 epoch, MNS : Val AP : 0.8371930122375488 / AUROC : 0.8251869148276723 
44 epoch, CNS : Val AP : 0.6117276549339294 / AUROC : 0.5858104726861226 
44 epoch, ALL : Val AP : 0.7808563709259033 / AUROC : 0.8014681303514943 
45 epoch: Training d_loss : -0.010163963214452057 / Training g_loss : -0.3515701354759121 /Training roc : 0.9858673879845361 / Training ap : 0.9872125387191772 
45 epoch, SNS : Val AP : 0.988106369972229 / AUROC : 0.986985150981609 
45 epoch, MNS : Val AP : 0.8371930122375488 / AUROC : 0.8251869148276723 
45 epoch, CNS : Val AP : 0.6117276549339294 / AUROC : 0.5858104726861226 
45 epoch, ALL : Val AP : 0.7808563709259033 / AUROC : 0.8014681303514943 
46 epoch: Training d_loss : -0.010500482387012906 / Training g_loss : -0.34995380962621353 /Training roc : 0.9857537397725992 / Training ap : 0.9871246814727783 
46 epoch, SNS : Val AP : 0.9884645342826843 / AUROC : 0.9874180803871602 
46 epoch, MNS : Val AP : 0.8363875150680542 / AUROC : 0.8253934786842191 
46 epoch, CNS : Val AP : 0.6099551916122437 / AUROC : 0.5834529680942918 
46 epoch, ALL : Val AP : 0.7795722484588623 / AUROC : 0.8008392279976819 
47 epoch: Training d_loss : -0.010794161717666662 / Training g_loss : -0.3476587353783839 /Training roc : 0.9861941414150942 / Training ap : 0.9875519871711731 
47 epoch, SNS : Val AP : 0.9884645342826843 / AUROC : 0.9874180803871602 
47 epoch, MNS : Val AP : 0.8363875150680542 / AUROC : 0.8253934786842191 
47 epoch, CNS : Val AP : 0.6099551916122437 / AUROC : 0.5834529680942918 
47 epoch, ALL : Val AP : 0.7795722484588623 / AUROC : 0.8008392279976819 
48 epoch: Training d_loss : -0.01111441596382273 / Training g_loss : -0.34473905429635243 /Training roc : 0.9861218596096051 / Training ap : 0.9874519109725952 
48 epoch, SNS : Val AP : 0.9885639548301697 / AUROC : 0.9875478890058642 
48 epoch, MNS : Val AP : 0.8368810415267944 / AUROC : 0.8255838512863255 
48 epoch, CNS : Val AP : 0.6124103665351868 / AUROC : 0.5853784458900757 
48 epoch, ALL : Val AP : 0.7809934020042419 / AUROC : 0.8015919588027622 
49 epoch: Training d_loss : -0.011379663875880635 / Training g_loss : -0.34188803403750684 /Training roc : 0.9862765116808176 / Training ap : 0.9875646233558655 
49 epoch, SNS : Val AP : 0.9885639548301697 / AUROC : 0.9875478890058642 
49 epoch, MNS : Val AP : 0.8368810415267944 / AUROC : 0.8255838512863255 
49 epoch, CNS : Val AP : 0.6124103665351868 / AUROC : 0.5853784458900757 
49 epoch, ALL : Val AP : 0.7809934020042419 / AUROC : 0.8015919588027622 
