experiment 0 
SNS : Test AP : 0.9793129563331604 / AUROC : 0.9788192656821569
MNS : Test AP : 0.8233776688575745 / AUROC : 0.8216768019793843 
CNS : Test AP : 0.51960688829422 / AUROC : 0.5243419302107094 
ALL : Test AP : 0.7171398997306824 / AUROC : 0.7736734259513519 
experiment 1 
SNS : Test AP : 0.982759416103363 / AUROC : 0.982562894094496
MNS : Test AP : 0.8339656591415405 / AUROC : 0.8283622548812746 
CNS : Test AP : 0.5269051790237427 / AUROC : 0.5375029484209568 
ALL : Test AP : 0.7308676242828369 / AUROC : 0.7840019302085638 
experiment 2 
SNS : Test AP : 0.9786511063575745 / AUROC : 0.9785836585295431
MNS : Test AP : 0.8126015067100525 / AUROC : 0.8147599507819145 
CNS : Test AP : 0.5256142020225525 / AUROC : 0.5248689368582603 
ALL : Test AP : 0.7168340086936951 / AUROC : 0.7709114259104728 
experiment 3 
SNS : Test AP : 0.9822021126747131 / AUROC : 0.9821132349119692
MNS : Test AP : 0.8218369483947754 / AUROC : 0.8292051923303297 
CNS : Test AP : 0.5091145634651184 / AUROC : 0.5168098640505863 
ALL : Test AP : 0.7139085531234741 / AUROC : 0.7758169838802701 
experiment 4 
SNS : Test AP : 0.9784200191497803 / AUROC : 0.9786838271059277
MNS : Test AP : 0.8298958539962769 / AUROC : 0.8215450614226603 
CNS : Test AP : 0.5488703846931458 / AUROC : 0.5575694017204119 
ALL : Test AP : 0.7403997182846069 / AUROC : 0.7864901063480934 
