experiment 0 
SNS : Test AP : 0.9856091737747192 / AUROC : 0.9846192150426106
MNS : Test AP : 0.8193095922470093 / AUROC : 0.810434944840652 
CNS : Test AP : 0.5840287208557129 / AUROC : 0.5552943423633121 
ALL : Test AP : 0.7536086440086365 / AUROC : 0.7805551482448165 
experiment 1 
SNS : Test AP : 0.9861084818840027 / AUROC : 0.9850600345148487
MNS : Test AP : 0.8236995339393616 / AUROC : 0.8166763466676735 
CNS : Test AP : 0.5845517516136169 / AUROC : 0.5592034821351232 
ALL : Test AP : 0.7549539804458618 / AUROC : 0.7860496997601457 
experiment 2 
SNS : Test AP : 0.9897540807723999 / AUROC : 0.9891008148969108
MNS : Test AP : 0.8205560445785522 / AUROC : 0.8170221170439831 
CNS : Test AP : 0.5892407894134521 / AUROC : 0.5647648703694244 
ALL : Test AP : 0.7594525814056396 / AUROC : 0.7914575718473926 
experiment 3 
SNS : Test AP : 0.9890304803848267 / AUROC : 0.9881841280558633
MNS : Test AP : 0.8271975517272949 / AUROC : 0.8173919523099852 
CNS : Test AP : 0.5863498449325562 / AUROC : 0.5643400312277203 
ALL : Test AP : 0.7526237964630127 / AUROC : 0.7864670562630913 
experiment 4 
SNS : Test AP : 0.9873824715614319 / AUROC : 0.986638933371239
MNS : Test AP : 0.8234123587608337 / AUROC : 0.8209979877443414 
CNS : Test AP : 0.5982303619384766 / AUROC : 0.5713187603972095 
ALL : Test AP : 0.766731858253479 / AUROC : 0.7928832890327362 
