experiment 0 
SNS : Test AP : 0.9868386387825012 / AUROC : 0.9862468211468969
MNS : Test AP : 0.829714834690094 / AUROC : 0.8196947523659551 
CNS : Test AP : 0.6060459613800049 / AUROC : 0.5745338052287553 
ALL : Test AP : 0.7693008184432983 / AUROC : 0.7915734887808848 
experiment 1 
SNS : Test AP : 0.9872574210166931 / AUROC : 0.9863082771226966
MNS : Test AP : 0.8333069086074829 / AUROC : 0.8255114483132366 
CNS : Test AP : 0.5972883701324463 / AUROC : 0.5797250139369804 
ALL : Test AP : 0.767264723777771 / AUROC : 0.7972421100947598 
experiment 2 
SNS : Test AP : 0.9883520603179932 / AUROC : 0.9878004890714084
MNS : Test AP : 0.8219847679138184 / AUROC : 0.8230660690607918 
CNS : Test AP : 0.584357738494873 / AUROC : 0.5726514466696724 
ALL : Test AP : 0.7647229433059692 / AUROC : 0.7981239674672767 
experiment 3 
SNS : Test AP : 0.9887933731079102 / AUROC : 0.9877780677459406
MNS : Test AP : 0.807362973690033 / AUROC : 0.8108861254306028 
CNS : Test AP : 0.5554605722427368 / AUROC : 0.556068505533703 
ALL : Test AP : 0.7418545484542847 / AUROC : 0.7883027205987556 
experiment 4 
SNS : Test AP : 0.9863738417625427 / AUROC : 0.9856068971950578
MNS : Test AP : 0.8320435881614685 / AUROC : 0.8255513935869901 
CNS : Test AP : 0.6125553846359253 / AUROC : 0.5887104128677753 
ALL : Test AP : 0.7738648653030396 / AUROC : 0.7986056642556832 
