args: Namespace(D_lr=5e-07, G_lr=1e-08, alpha_e=0, alpha_v=0, bs=32, clip=0.01, dataset_name='hypergraph_pretrain_noDD', dim_edge=400, dim_hidden=400, dim_vertex=400, epochs=50, exp_num=1, fix_seed=True, folder_name='T2DM', gen='MLP', gpu=3, memory_size=128, memory_type='sample', model='hnhn', n_layers=1, testns='SMCA', train_DG='epoch1:1', training='wgan')
0 epoch: Training d_loss : -0.0003983150175110556 / Training g_loss : -0.4305071795499453 /Training roc : 0.93076181995122 / Training ap : 0.907998263835907 
0 epoch, SNS : Val AP : 0.9731876850128174 / AUROC : 0.9720067158459068 
0 epoch, MNS : Val AP : 0.7861847877502441 / AUROC : 0.7952340660624594 
0 epoch, CNS : Val AP : 0.5609232783317566 / AUROC : 0.5624825105852428 
0 epoch, ALL : Val AP : 0.7305634617805481 / AUROC : 0.7754457217702471 
1 epoch: Training d_loss : -0.00045078862725832816 / Training g_loss : -0.4296336360453989 /Training roc : 0.9702379507846124 / Training ap : 0.9722749590873718 
1 epoch, SNS : Val AP : 0.9731876850128174 / AUROC : 0.9720067158459068 
1 epoch, MNS : Val AP : 0.7861847877502441 / AUROC : 0.7952340660624594 
1 epoch, CNS : Val AP : 0.5609232783317566 / AUROC : 0.5624825105852428 
1 epoch, ALL : Val AP : 0.7305634617805481 / AUROC : 0.7754457217702471 
2 epoch: Training d_loss : -0.0005615879402776654 / Training g_loss : -0.42871160876522796 /Training roc : 0.9695336836652467 / Training ap : 0.9720044136047363 
2 epoch, SNS : Val AP : 0.981473982334137 / AUROC : 0.9798611860431398 
2 epoch, MNS : Val AP : 0.8154500722885132 / AUROC : 0.8134261626676978 
2 epoch, CNS : Val AP : 0.572399377822876 / AUROC : 0.5668340154847363 
2 epoch, ALL : Val AP : 0.7476900815963745 / AUROC : 0.7859002533130754 
3 epoch: Training d_loss : -0.0006883238734879944 / Training g_loss : -0.42776380039600204 /Training roc : 0.9775635577952975 / Training ap : 0.9800341129302979 
3 epoch, SNS : Val AP : 0.981473982334137 / AUROC : 0.9798611860431398 
3 epoch, MNS : Val AP : 0.8154500722885132 / AUROC : 0.8134261626676978 
3 epoch, CNS : Val AP : 0.572399377822876 / AUROC : 0.5668340154847363 
3 epoch, ALL : Val AP : 0.7476900815963745 / AUROC : 0.7859002533130754 
4 epoch: Training d_loss : -0.000839211902264773 / Training g_loss : -0.42677461480695095 /Training roc : 0.9773428622997467 / Training ap : 0.9800089001655579 
4 epoch, SNS : Val AP : 0.9841065406799316 / AUROC : 0.9827233512477662 
4 epoch, MNS : Val AP : 0.8242236375808716 / AUROC : 0.818955319809154 
4 epoch, CNS : Val AP : 0.5815282464027405 / AUROC : 0.5709429640109565 
4 epoch, ALL : Val AP : 0.7558230757713318 / AUROC : 0.7899989477867666 
5 epoch: Training d_loss : -0.0009829212497010757 / Training g_loss : -0.4258258916687167 /Training roc : 0.9807101833697807 / Training ap : 0.9829542636871338 
5 epoch, SNS : Val AP : 0.9841065406799316 / AUROC : 0.9827233512477662 
5 epoch, MNS : Val AP : 0.8242236375808716 / AUROC : 0.818955319809154 
5 epoch, CNS : Val AP : 0.5815282464027405 / AUROC : 0.5709429640109565 
5 epoch, ALL : Val AP : 0.7558230757713318 / AUROC : 0.7899989477867666 
6 epoch: Training d_loss : -0.0011095769845983058 / Training g_loss : -0.42486505598970575 /Training roc : 0.9800538350171197 / Training ap : 0.9822935461997986 
6 epoch, SNS : Val AP : 0.9853916168212891 / AUROC : 0.9841701556136246 
6 epoch, MNS : Val AP : 0.8292233347892761 / AUROC : 0.8216894545670634 
6 epoch, CNS : Val AP : 0.5897892117500305 / AUROC : 0.5749962636377223 
6 epoch, ALL : Val AP : 0.7617762088775635 / AUROC : 0.7927101058714169 
7 epoch: Training d_loss : -0.0012692416547447122 / Training g_loss : -0.42386536042037976 /Training roc : 0.982139764750599 / Training ap : 0.9841262102127075 
7 epoch, SNS : Val AP : 0.9853916168212891 / AUROC : 0.9841701556136246 
7 epoch, MNS : Val AP : 0.8292233347892761 / AUROC : 0.8216894545670634 
7 epoch, CNS : Val AP : 0.5897892117500305 / AUROC : 0.5749962636377223 
7 epoch, ALL : Val AP : 0.7617762088775635 / AUROC : 0.7927101058714169 
8 epoch: Training d_loss : -0.0014135066473312927 / Training g_loss : -0.4231057820137608 /Training roc : 0.9818345110035596 / Training ap : 0.9838347434997559 
8 epoch, SNS : Val AP : 0.9867419004440308 / AUROC : 0.9856614165470918 
8 epoch, MNS : Val AP : 0.8303256034851074 / AUROC : 0.8231095403123889 
8 epoch, CNS : Val AP : 0.5899853110313416 / AUROC : 0.5728877266140024 
8 epoch, ALL : Val AP : 0.7619686126708984 / AUROC : 0.7931240434298219 
9 epoch: Training d_loss : -0.0015683857875577571 / Training g_loss : -0.4222022583396241 /Training roc : 0.9836826979007338 / Training ap : 0.9854409694671631 
9 epoch, SNS : Val AP : 0.9867419004440308 / AUROC : 0.9856614165470918 
9 epoch, MNS : Val AP : 0.8303256034851074 / AUROC : 0.8231095403123889 
9 epoch, CNS : Val AP : 0.5899853110313416 / AUROC : 0.5728877266140024 
9 epoch, ALL : Val AP : 0.7619686126708984 / AUROC : 0.7931240434298219 
10 epoch: Training d_loss : -0.0017266039210265967 / Training g_loss : -0.42115437453935367 /Training roc : 0.9833533911084686 / Training ap : 0.9852216243743896 
10 epoch, SNS : Val AP : 0.9870800971984863 / AUROC : 0.9859928525456078 
10 epoch, MNS : Val AP : 0.8330987095832825 / AUROC : 0.8241165039087152 
10 epoch, CNS : Val AP : 0.5959500074386597 / AUROC : 0.5752083371032056 
10 epoch, ALL : Val AP : 0.7664794921875 / AUROC : 0.794532389513701 
11 epoch: Training d_loss : -0.0018851164211496781 / Training g_loss : -0.41997982365520375 /Training roc : 0.984138784820989 / Training ap : 0.9858588576316833 
11 epoch, SNS : Val AP : 0.9870800971984863 / AUROC : 0.9859928525456078 
11 epoch, MNS : Val AP : 0.8330987095832825 / AUROC : 0.8241165039087152 
11 epoch, CNS : Val AP : 0.5959500074386597 / AUROC : 0.5752083371032056 
11 epoch, ALL : Val AP : 0.7664794921875 / AUROC : 0.794532389513701 
12 epoch: Training d_loss : -0.0020060774883585114 / Training g_loss : -0.41896573557522876 /Training roc : 0.9838485307318614 / Training ap : 0.9855971336364746 
12 epoch, SNS : Val AP : 0.9873400926589966 / AUROC : 0.9862606307605043 
12 epoch, MNS : Val AP : 0.8343343734741211 / AUROC : 0.8247513839061418 
12 epoch, CNS : Val AP : 0.5989289879798889 / AUROC : 0.5768829199431045 
12 epoch, ALL : Val AP : 0.7686583399772644 / AUROC : 0.7955065915238975 
13 epoch: Training d_loss : -0.002198162831758198 / Training g_loss : -0.4177288271878895 /Training roc : 0.9847589258183622 / Training ap : 0.986432671546936 
13 epoch, SNS : Val AP : 0.9873400926589966 / AUROC : 0.9862606307605043 
13 epoch, MNS : Val AP : 0.8343343734741211 / AUROC : 0.8247513839061418 
13 epoch, CNS : Val AP : 0.5989289879798889 / AUROC : 0.5768829199431045 
13 epoch, ALL : Val AP : 0.7686583399772644 / AUROC : 0.7955065915238975 
14 epoch: Training d_loss : -0.002364962883605182 / Training g_loss : -0.41651476650824826 /Training roc : 0.9844227193025418 / Training ap : 0.9861313700675964 
14 epoch, SNS : Val AP : 0.9875451326370239 / AUROC : 0.986470012257949 
14 epoch, MNS : Val AP : 0.8338806629180908 / AUROC : 0.824267879638423 
14 epoch, CNS : Val AP : 0.5999881625175476 / AUROC : 0.5772474414575142 
14 epoch, ALL : Val AP : 0.7691610455513 / AUROC : 0.7956648032886242 
15 epoch: Training d_loss : -0.0025663883135649576 / Training g_loss : -0.4151860934695559 /Training roc : 0.9847601093255469 / Training ap : 0.9863795042037964 
15 epoch, SNS : Val AP : 0.9875451326370239 / AUROC : 0.986470012257949 
15 epoch, MNS : Val AP : 0.8338806629180908 / AUROC : 0.824267879638423 
15 epoch, CNS : Val AP : 0.5999881625175476 / AUROC : 0.5772474414575142 
15 epoch, ALL : Val AP : 0.7691610455513 / AUROC : 0.7956648032886242 
16 epoch: Training d_loss : -0.0027844713528475695 / Training g_loss : -0.41361144705537406 /Training roc : 0.9841975137451157 / Training ap : 0.9859667420387268 
16 epoch, SNS : Val AP : 0.9874428510665894 / AUROC : 0.9862836409437391 
16 epoch, MNS : Val AP : 0.8340165019035339 / AUROC : 0.8237532892833532 
16 epoch, CNS : Val AP : 0.6014325618743896 / AUROC : 0.5782821736536083 
16 epoch, ALL : Val AP : 0.7701774835586548 / AUROC : 0.7959295656057186 
17 epoch: Training d_loss : -0.0030063463546326796 / Training g_loss : -0.41187982473037293 /Training roc : 0.984413884408156 / Training ap : 0.9861847162246704 
17 epoch, SNS : Val AP : 0.9874428510665894 / AUROC : 0.9862836409437391 
17 epoch, MNS : Val AP : 0.8340165019035339 / AUROC : 0.8237532892833532 
17 epoch, CNS : Val AP : 0.6014325618743896 / AUROC : 0.5782821736536083 
17 epoch, ALL : Val AP : 0.7701774835586548 / AUROC : 0.7959295656057186 
18 epoch: Training d_loss : -0.003276605782896708 / Training g_loss : -0.41008651306469474 /Training roc : 0.9838724146613911 / Training ap : 0.9856570363044739 
18 epoch, SNS : Val AP : 0.987480103969574 / AUROC : 0.9863141015115457 
18 epoch, MNS : Val AP : 0.8336972594261169 / AUROC : 0.8235111015198116 
18 epoch, CNS : Val AP : 0.6006138920783997 / AUROC : 0.5776005249002576 
18 epoch, ALL : Val AP : 0.769741415977478 / AUROC : 0.7955834298979129 
19 epoch: Training d_loss : -0.0034584785192206717 / Training g_loss : -0.40855270192811366 /Training roc : 0.984711575749915 / Training ap : 0.9863535761833191 
19 epoch, SNS : Val AP : 0.987480103969574 / AUROC : 0.9863141015115457 
19 epoch, MNS : Val AP : 0.8336972594261169 / AUROC : 0.8235111015198116 
19 epoch, CNS : Val AP : 0.6006138920783997 / AUROC : 0.5776005249002576 
19 epoch, ALL : Val AP : 0.769741415977478 / AUROC : 0.7955834298979129 
20 epoch: Training d_loss : -0.003676944086996562 / Training g_loss : -0.40685162921413853 /Training roc : 0.9842500261126119 / Training ap : 0.9860144853591919 
20 epoch, SNS : Val AP : 0.9873996376991272 / AUROC : 0.9862217926988018 
20 epoch, MNS : Val AP : 0.8331676125526428 / AUROC : 0.822776350625151 
20 epoch, CNS : Val AP : 0.60124272108078 / AUROC : 0.5770827064175401 
20 epoch, ALL : Val AP : 0.7695611119270325 / AUROC : 0.7950116603545043 
21 epoch: Training d_loss : -0.00393599830790375 / Training g_loss : -0.4050891766838703 /Training roc : 0.9849908184844659 / Training ap : 0.9867866635322571 
21 epoch, SNS : Val AP : 0.9873996376991272 / AUROC : 0.9862217926988018 
21 epoch, MNS : Val AP : 0.8331676125526428 / AUROC : 0.822776350625151 
21 epoch, CNS : Val AP : 0.60124272108078 / AUROC : 0.5770827064175401 
21 epoch, ALL : Val AP : 0.7695611119270325 / AUROC : 0.7950116603545043 
22 epoch: Training d_loss : -0.004194415339299936 / Training g_loss : -0.40359575233676215 /Training roc : 0.9848178894877153 / Training ap : 0.9866392612457275 
22 epoch, SNS : Val AP : 0.987737238407135 / AUROC : 0.9866025330413944 
22 epoch, MNS : Val AP : 0.8320922255516052 / AUROC : 0.8226965857132676 
22 epoch, CNS : Val AP : 0.5957633256912231 / AUROC : 0.5712068774086692 
22 epoch, ALL : Val AP : 0.7657907009124756 / AUROC : 0.7929140475828249 
23 epoch: Training d_loss : -0.004463095396186747 / Training g_loss : -0.40193369674482987 /Training roc : 0.9853427169365596 / Training ap : 0.9870354533195496 
23 epoch, SNS : Val AP : 0.987737238407135 / AUROC : 0.9866025330413944 
23 epoch, MNS : Val AP : 0.8320922255516052 / AUROC : 0.8226965857132676 
23 epoch, CNS : Val AP : 0.5957633256912231 / AUROC : 0.5712068774086692 
23 epoch, ALL : Val AP : 0.7657907009124756 / AUROC : 0.7929140475828249 
24 epoch: Training d_loss : -0.004705315440216657 / Training g_loss : -0.3998459888401852 /Training roc : 0.9851227940754677 / Training ap : 0.9868770837783813 
24 epoch, SNS : Val AP : 0.9876071214675903 / AUROC : 0.9864434276773186 
24 epoch, MNS : Val AP : 0.8329141736030579 / AUROC : 0.8227976071196634 
24 epoch, CNS : Val AP : 0.5960910320281982 / AUROC : 0.5718978419352323 
24 epoch, ALL : Val AP : 0.7660859823226929 / AUROC : 0.7931396032284851 
25 epoch: Training d_loss : -0.004957270928832333 / Training g_loss : -0.3978425846858458 /Training roc : 0.9850966690065921 / Training ap : 0.9866127371788025 
25 epoch, SNS : Val AP : 0.9876071214675903 / AUROC : 0.9864434276773186 
25 epoch, MNS : Val AP : 0.8329141736030579 / AUROC : 0.8227976071196634 
25 epoch, CNS : Val AP : 0.5960910320281982 / AUROC : 0.5718978419352323 
25 epoch, ALL : Val AP : 0.7660859823226929 / AUROC : 0.7931396032284851 
26 epoch: Training d_loss : -0.005136547030872135 / Training g_loss : -0.3959625489902839 /Training roc : 0.9846604606754348 / Training ap : 0.986298143863678 
26 epoch, SNS : Val AP : 0.9875394701957703 / AUROC : 0.9863611160072908 
26 epoch, MNS : Val AP : 0.8330904245376587 / AUROC : 0.822665265056088 
26 epoch, CNS : Val AP : 0.5980707406997681 / AUROC : 0.5733511695763378 
26 epoch, ALL : Val AP : 0.7674154043197632 / AUROC : 0.7935909379196426 
27 epoch: Training d_loss : -0.005411113955472645 / Training g_loss : -0.3939951655040517 /Training roc : 0.984953730122892 / Training ap : 0.9865790605545044 
27 epoch, SNS : Val AP : 0.9875394701957703 / AUROC : 0.9863611160072908 
27 epoch, MNS : Val AP : 0.8330904245376587 / AUROC : 0.822665265056088 
27 epoch, CNS : Val AP : 0.5980707406997681 / AUROC : 0.5733511695763378 
27 epoch, ALL : Val AP : 0.7674154043197632 / AUROC : 0.7935909379196426 
28 epoch: Training d_loss : -0.005681002545954933 / Training g_loss : -0.3917316273121851 /Training roc : 0.9849439592528983 / Training ap : 0.9866498708724976 
28 epoch, SNS : Val AP : 0.9874449968338013 / AUROC : 0.9862638700581443 
28 epoch, MNS : Val AP : 0.833402156829834 / AUROC : 0.8225397701975234 
28 epoch, CNS : Val AP : 0.5999417901039124 / AUROC : 0.5753252534080204 
28 epoch, ALL : Val AP : 0.7685163021087646 / AUROC : 0.7940680306120329 
29 epoch: Training d_loss : -0.005900831634633279 / Training g_loss : -0.3895976723096017 /Training roc : 0.9852210169067089 / Training ap : 0.9868500232696533 
29 epoch, SNS : Val AP : 0.9874449968338013 / AUROC : 0.9862638700581443 
29 epoch, MNS : Val AP : 0.833402156829834 / AUROC : 0.8225397701975234 
29 epoch, CNS : Val AP : 0.5999417901039124 / AUROC : 0.5753252534080204 
29 epoch, ALL : Val AP : 0.7685163021087646 / AUROC : 0.7940680306120329 
30 epoch: Training d_loss : -0.006195099391577917 / Training g_loss : -0.38756156851800433 /Training roc : 0.9850543394119531 / Training ap : 0.9867178201675415 
30 epoch, SNS : Val AP : 0.987216591835022 / AUROC : 0.985979761315146 
30 epoch, MNS : Val AP : 0.8330008387565613 / AUROC : 0.8217853042672273 
30 epoch, CNS : Val AP : 0.6007516980171204 / AUROC : 0.5754864810705499 
30 epoch, ALL : Val AP : 0.7688368558883667 / AUROC : 0.7938058485630588 
31 epoch: Training d_loss : -0.006464536395369534 / Training g_loss : -0.3852762431975757 /Training roc : 0.9852455177411052 / Training ap : 0.9869481921195984 
31 epoch, SNS : Val AP : 0.987216591835022 / AUROC : 0.985979761315146 
31 epoch, MNS : Val AP : 0.8330008387565613 / AUROC : 0.8217853042672273 
31 epoch, CNS : Val AP : 0.6007516980171204 / AUROC : 0.5754864810705499 
31 epoch, ALL : Val AP : 0.7688368558883667 / AUROC : 0.7938058485630588 
32 epoch: Training d_loss : -0.006700757477018569 / Training g_loss : -0.3835542688731509 /Training roc : 0.9847314325090123 / Training ap : 0.9863988161087036 
32 epoch, SNS : Val AP : 0.987396776676178 / AUROC : 0.9861747446930811 
32 epoch, MNS : Val AP : 0.8319831490516663 / AUROC : 0.8215617368801185 
32 epoch, CNS : Val AP : 0.5976022481918335 / AUROC : 0.572099002318667 
32 epoch, ALL : Val AP : 0.7667547464370728 / AUROC : 0.7925905981284902 
33 epoch: Training d_loss : -0.006925024466508884 / Training g_loss : -0.38178094251874534 /Training roc : 0.9850862438033967 / Training ap : 0.9867918491363525 
33 epoch, SNS : Val AP : 0.987396776676178 / AUROC : 0.9861747446930811 
33 epoch, MNS : Val AP : 0.8319831490516663 / AUROC : 0.8215617368801185 
33 epoch, CNS : Val AP : 0.5976022481918335 / AUROC : 0.572099002318667 
33 epoch, ALL : Val AP : 0.7667547464370728 / AUROC : 0.7925905981284902 
34 epoch: Training d_loss : -0.007276342317248075 / Training g_loss : -0.37909181540805187 /Training roc : 0.9856757722067195 / Training ap : 0.9872393608093262 
34 epoch, SNS : Val AP : 0.9873448610305786 / AUROC : 0.9861232845405749 
34 epoch, MNS : Val AP : 0.832211971282959 / AUROC : 0.8216611274677025 
34 epoch, CNS : Val AP : 0.5981351733207703 / AUROC : 0.5725926824489715 
34 epoch, ALL : Val AP : 0.7669628858566284 / AUROC : 0.7927316192757422 
35 epoch: Training d_loss : -0.007441893451387595 / Training g_loss : -0.37686450261368976 /Training roc : 0.9852333856814068 / Training ap : 0.9868999123573303 
35 epoch, SNS : Val AP : 0.9873448610305786 / AUROC : 0.9861232845405749 
35 epoch, MNS : Val AP : 0.832211971282959 / AUROC : 0.8216611274677025 
35 epoch, CNS : Val AP : 0.5981351733207703 / AUROC : 0.5725926824489715 
35 epoch, ALL : Val AP : 0.7669628858566284 / AUROC : 0.7927316192757422 
36 epoch: Training d_loss : -0.007666794075207276 / Training g_loss : -0.3747322849893684 /Training roc : 0.984808587708105 / Training ap : 0.9864605665206909 
36 epoch, SNS : Val AP : 0.9873353242874146 / AUROC : 0.9861174091248557 
36 epoch, MNS : Val AP : 0.8314438462257385 / AUROC : 0.8212031466313874 
36 epoch, CNS : Val AP : 0.5981201529502869 / AUROC : 0.5722730531318535 
36 epoch, ALL : Val AP : 0.7665887475013733 / AUROC : 0.7924269800877024 
37 epoch: Training d_loss : -0.007960693188831566 / Training g_loss : -0.372316981260286 /Training roc : 0.985274227222067 / Training ap : 0.9868723154067993 
37 epoch, SNS : Val AP : 0.9873353242874146 / AUROC : 0.9861174091248557 
37 epoch, MNS : Val AP : 0.8314438462257385 / AUROC : 0.8212031466313874 
37 epoch, CNS : Val AP : 0.5981201529502869 / AUROC : 0.5722730531318535 
37 epoch, ALL : Val AP : 0.7665887475013733 / AUROC : 0.7924269800877024 
38 epoch: Training d_loss : -0.008172271336522399 / Training g_loss : -0.36980454684301994 /Training roc : 0.9849385177938224 / Training ap : 0.9865081310272217 
38 epoch, SNS : Val AP : 0.9872552156448364 / AUROC : 0.9860095293434569 
38 epoch, MNS : Val AP : 0.8316376805305481 / AUROC : 0.8211174727938093 
38 epoch, CNS : Val AP : 0.5979233980178833 / AUROC : 0.5717933578313594 
38 epoch, ALL : Val AP : 0.7666040062904358 / AUROC : 0.7922068865680626 
39 epoch: Training d_loss : -0.008357595532171188 / Training g_loss : -0.3674249972707482 /Training roc : 0.984895352697236 / Training ap : 0.986470103263855 
39 epoch, SNS : Val AP : 0.9872552156448364 / AUROC : 0.9860095293434569 
39 epoch, MNS : Val AP : 0.8316376805305481 / AUROC : 0.8211174727938093 
39 epoch, CNS : Val AP : 0.5979233980178833 / AUROC : 0.5717933578313594 
39 epoch, ALL : Val AP : 0.7666040062904358 / AUROC : 0.7922068865680626 
40 epoch: Training d_loss : -0.008598201119443446 / Training g_loss : -0.3644929901121906 /Training roc : 0.9849087771106144 / Training ap : 0.9864985942840576 
40 epoch, SNS : Val AP : 0.9870920777320862 / AUROC : 0.9857990755267935 
40 epoch, MNS : Val AP : 0.8317658305168152 / AUROC : 0.8206955151812476 
40 epoch, CNS : Val AP : 0.5991681814193726 / AUROC : 0.572483417588582 
40 epoch, ALL : Val AP : 0.7672207355499268 / AUROC : 0.7921672107569703 
41 epoch: Training d_loss : -0.008685017566076305 / Training g_loss : -0.36257528766775815 /Training roc : 0.985145231226731 / Training ap : 0.9868654012680054 
41 epoch, SNS : Val AP : 0.9870920777320862 / AUROC : 0.9857990755267935 
41 epoch, MNS : Val AP : 0.8317658305168152 / AUROC : 0.8206955151812476 
41 epoch, CNS : Val AP : 0.5991681814193726 / AUROC : 0.572483417588582 
41 epoch, ALL : Val AP : 0.7672207355499268 / AUROC : 0.7921672107569703 
42 epoch: Training d_loss : -0.009115299372405277 / Training g_loss : -0.359942284892252 /Training roc : 0.9852204065552429 / Training ap : 0.98679518699646 
42 epoch, SNS : Val AP : 0.9871939420700073 / AUROC : 0.9859207390781494 
42 epoch, MNS : Val AP : 0.8311139345169067 / AUROC : 0.8203727917763839 
42 epoch, CNS : Val AP : 0.5982874631881714 / AUROC : 0.5712646374365851 
42 epoch, ALL : Val AP : 0.7666233777999878 / AUROC : 0.791619937005714 
43 epoch: Training d_loss : -0.009329946132367877 / Training g_loss : -0.35778679834170773 /Training roc : 0.9849871324124493 / Training ap : 0.9865966439247131 
43 epoch, SNS : Val AP : 0.9871939420700073 / AUROC : 0.9859207390781494 
43 epoch, MNS : Val AP : 0.8311139345169067 / AUROC : 0.8203727917763839 
43 epoch, CNS : Val AP : 0.5982874631881714 / AUROC : 0.5712646374365851 
43 epoch, ALL : Val AP : 0.7666233777999878 / AUROC : 0.791619937005714 
44 epoch: Training d_loss : -0.00960971210062789 / Training g_loss : -0.3547723583841438 /Training roc : 0.984838349350708 / Training ap : 0.986491322517395 
44 epoch, SNS : Val AP : 0.9871416091918945 / AUROC : 0.9858530712674523 
44 epoch, MNS : Val AP : 0.8318663835525513 / AUROC : 0.8207073553726209 
44 epoch, CNS : Val AP : 0.6000382304191589 / AUROC : 0.5733903762477719 
44 epoch, ALL : Val AP : 0.7679545879364014 / AUROC : 0.7924342964323716 
45 epoch: Training d_loss : -0.009784342088340002 / Training g_loss : -0.3521472652349176 /Training roc : 0.9851708799373404 / Training ap : 0.9868190288543701 
45 epoch, SNS : Val AP : 0.9871416091918945 / AUROC : 0.9858530712674523 
45 epoch, MNS : Val AP : 0.8318663835525513 / AUROC : 0.8207073553726209 
45 epoch, CNS : Val AP : 0.6000382304191589 / AUROC : 0.5733903762477719 
45 epoch, ALL : Val AP : 0.7679545879364014 / AUROC : 0.7924342964323716 
46 epoch: Training d_loss : -0.010128458857251468 / Training g_loss : -0.34930524173033567 /Training roc : 0.9848564689860582 / Training ap : 0.9864506721496582 
46 epoch, SNS : Val AP : 0.9870935678482056 / AUROC : 0.9857953894294793 
46 epoch, MNS : Val AP : 0.8321632146835327 / AUROC : 0.8208008705444857 
46 epoch, CNS : Val AP : 0.5997336506843567 / AUROC : 0.5733814625942664 
46 epoch, ALL : Val AP : 0.7680798768997192 / AUROC : 0.7924102474398937 
47 epoch: Training d_loss : -0.01031098085228336 / Training g_loss : -0.3469899945567099 /Training roc : 0.9851580164578312 / Training ap : 0.9868130683898926 
47 epoch, SNS : Val AP : 0.9870935678482056 / AUROC : 0.9857953894294793 
47 epoch, MNS : Val AP : 0.8321632146835327 / AUROC : 0.8208008705444857 
47 epoch, CNS : Val AP : 0.5997336506843567 / AUROC : 0.5733814625942664 
47 epoch, ALL : Val AP : 0.7680798768997192 / AUROC : 0.7924102474398937 
48 epoch: Training d_loss : -0.010465855465123528 / Training g_loss : -0.344821348180326 /Training roc : 0.9849163036294474 / Training ap : 0.9865286350250244 
48 epoch, SNS : Val AP : 0.9872601628303528 / AUROC : 0.9859934445551762 
48 epoch, MNS : Val AP : 0.8329354524612427 / AUROC : 0.8214947616089167 
48 epoch, CNS : Val AP : 0.6002830266952515 / AUROC : 0.5738782144723329 
48 epoch, ALL : Val AP : 0.7686351537704468 / AUROC : 0.7928201191212612 
49 epoch: Training d_loss : -0.010558083653450012 / Training g_loss : -0.3429190460926316 /Training roc : 0.9848252373974314 / Training ap : 0.9864420890808105 
49 epoch, SNS : Val AP : 0.9872601628303528 / AUROC : 0.9859934445551762 
49 epoch, MNS : Val AP : 0.8329354524612427 / AUROC : 0.8214947616089167 
49 epoch, CNS : Val AP : 0.6002830266952515 / AUROC : 0.5738782144723329 
49 epoch, ALL : Val AP : 0.7686351537704468 / AUROC : 0.7928201191212612 
